cargo : warning: E:\Desktop\Bitnet rs\crates\bitnet-core\Cargo.toml: unused manifest key: dependencies.bytemuck.version
At line:1 char:6
+      cargo test --test serialization_test test_real_model_safetensors ...
+      ~~~~~~~~~~~~~~~~~~~~~~~~~~~~~~~~~~~~~~~~~~~~~~~~~~~~~~~~~~~~~~~~
    + CategoryInfo          : NotSpecified: (warning: E:\Des...ytemuck.version:String) [], RemoteException
    + FullyQualifiedErrorId : NativeCommandError
 
warning: E:\Desktop\Bitnet rs\crates\bitnet-core\Cargo.toml: unused manifest key: dependencies.serde.version
warning: E:\Desktop\Bitnet rs\Cargo.toml: unused manifest key: alias
warning: E:\Desktop\Bitnet rs\Cargo.toml: unused manifest key: workspace.edition
warning: unused variable: `t3`
  --> crates\bitnet-converter\src\source.rs:38:9
   |
38 |     let t3 = std::time::Instant::now();
   |         ^^ help: if this is intentional, prefix it with an underscore: `_t3`
   |
   = note: `#[warn(unused_variables)]` on by default

warning: `bitnet-converter` (lib) generated 1 warning
   Compiling bitnet-converter v0.1.0 (E:\Desktop\Bitnet rs\crates\bitnet-converter)
    Finished `test` profile [unoptimized + debuginfo] target(s) in 2.97s
     Running tests\serialization_test.rs (target\debug\deps\serialization_test-8eeed1041f130fa0.exe)

running 1 test
[2025-07-01, 21:56:17.292][Test 1] [CPU] Rayon thread pool size: 24
[2025-07-01, 21:56:17.292][Test 1] Running test_real_model_safetensors_roundtrip...
Already present: config.json
Already present: model.safetensors
Downloading: model-00001-of-00002.safetensors... not found in repo
Downloading: model-00002-of-00002.safetensors... not found in repo
Already present: tokenizer.json
Already present: tokenizer_config.json
Already present: special_tokens_map.json
Already present: generation_config.json
[2025-07-01, 21:56:17.855][Test 1] Original safetensors file: E:\Desktop\Bitnet rs\models\Original\microsoft/bitnet-b1.58-2B-4T-bf16\model.safetensors (4602.126502990723 MB)
[CONVERT] Loading config from: E:\Desktop\Bitnet rs\models\Original\microsoft/bitnet-b1.58-2B-4T-bf16\config.json
[CONVERT] Loaded config in 182.00┬╡s
[CONVERT] Loading safetensors from: E:\Desktop\Bitnet rs\models\Original\microsoft/bitnet-b1.58-2B-4T-bf16\model.safetensors
[PROFILE] File open: 23.4┬╡s
[PROFILE] Mmap: 172.1┬╡s
[PROFILE] Header/metadata parse: 2.7454ms
[PROFILE] Tensor model.layers.26.self_attn.q_proj.weight conversion: 152.4317ms
[PROFILE] Tensor model.layers.16.self_attn.o_proj.weight conversion: 149.0863ms
[PROFILE] Tensor model.layers.2.self_attn.o_proj.weight conversion: 149.8753ms
[PROFILE] Tensor model.layers.15.mlp.ffn_sub_norm.weight conversion: 210.2┬╡s
[PROFILE] Tensor model.layers.0.self_attn.attn_sub_norm.weight conversion: 65┬╡s
[PROFILE] Tensor model.layers.22.mlp.up_proj.weight conversion: 414.1918ms
[PROFILE] Tensor model.layers.26.mlp.up_proj.weight conversion: 419.6043ms
[PROFILE] Tensor model.layers.19.mlp.up_proj.weight conversion: 402.5565ms
[PROFILE] Tensor model.layers.6.self_attn.q_proj.weight conversion: 148.8723ms
[PROFILE] Tensor model.layers.3.mlp.ffn_sub_norm.weight conversion: 188.7┬╡s
[PROFILE] Tensor model.layers.10.mlp.up_proj.weight conversion: 400.4445ms
[PROFILE] Tensor model.layers.16.input_layernorm.weight conversion: 84.3┬╡s
[PROFILE] Tensor model.layers.4.input_layernorm.weight conversion: 76.1┬╡s
[PROFILE] Tensor model.layers.8.post_attention_layernorm.weight conversion: 67┬╡s
[PROFILE] Tensor model.layers.27.mlp.up_proj.weight conversion: 401.5658ms
[PROFILE] Tensor model.layers.18.mlp.gate_proj.weight conversion: 402.1124ms
[PROFILE] Tensor model.layers.26.mlp.ffn_sub_norm.weight conversion: 181┬╡s
[PROFILE] Tensor model.layers.8.self_attn.o_proj.weight conversion: 149.6175ms
[PROFILE] Tensor model.layers.9.self_attn.attn_sub_norm.weight conversion: 87.8┬╡s
[PROFILE] Tensor model.layers.9.self_attn.o_proj.weight conversion: 149.309ms
[PROFILE] Tensor model.layers.13.mlp.ffn_sub_norm.weight conversion: 173.3┬╡s
[PROFILE] Tensor model.layers.19.mlp.ffn_sub_norm.weight conversion: 157.2┬╡s
[PROFILE] Tensor model.layers.29.mlp.gate_proj.weight conversion: 402.5544ms
[PROFILE] Tensor model.layers.21.self_attn.attn_sub_norm.weight conversion: 97.2┬╡s
[PROFILE] Tensor model.layers.28.self_attn.k_proj.weight conversion: 37.9557ms
[PROFILE] Tensor model.layers.17.mlp.up_proj.weight conversion: 404.2859ms
[PROFILE] Tensor model.layers.3.self_attn.attn_sub_norm.weight conversion: 88.5┬╡s
[PROFILE] Tensor model.layers.29.input_layernorm.weight conversion: 67.4┬╡s
[PROFILE] Tensor model.layers.8.mlp.up_proj.weight conversion: 405.8386ms
[PROFILE] Tensor model.layers.7.self_attn.attn_sub_norm.weight conversion: 85.7┬╡s
[PROFILE] Tensor model.layers.0.post_attention_layernorm.weight conversion: 66.9┬╡s
[PROFILE] Tensor model.layers.10.mlp.gate_proj.weight conversion: 407.5168ms
[PROFILE] Tensor model.layers.19.mlp.down_proj.weight conversion: 406.0289ms
[PROFILE] Tensor model.layers.3.self_attn.o_proj.weight conversion: 149.6608ms
[PROFILE] Tensor model.layers.5.self_attn.q_proj.weight conversion: 151.4404ms
[PROFILE] Tensor model.layers.16.mlp.down_proj.weight conversion: 405.3703ms
[PROFILE] Tensor model.layers.15.self_attn.v_proj.weight conversion: 38.7242ms
[PROFILE] Tensor model.layers.18.input_layernorm.weight conversion: 90.2┬╡s
[PROFILE] Tensor model.layers.23.self_attn.o_proj.weight conversion: 150.0942ms
[PROFILE] Tensor model.layers.19.input_layernorm.weight conversion: 88┬╡s
[PROFILE] Tensor model.layers.22.self_attn.o_proj.weight conversion: 149.9284ms
[PROFILE] Tensor model.layers.29.mlp.ffn_sub_norm.weight conversion: 179.7┬╡s
[PROFILE] Tensor model.layers.27.self_attn.k_proj.weight conversion: 37.6197ms
[PROFILE] Tensor model.layers.24.self_attn.k_proj.weight conversion: 37.2955ms
[PROFILE] Tensor model.layers.18.self_attn.attn_sub_norm.weight conversion: 178┬╡s
[PROFILE] Tensor model.layers.13.self_attn.attn_sub_norm.weight conversion: 72┬╡s
[PROFILE] Tensor model.layers.4.mlp.down_proj.weight conversion: 407.1787ms
[PROFILE] Tensor model.layers.14.mlp.ffn_sub_norm.weight conversion: 185.2┬╡s
[PROFILE] Tensor model.layers.27.input_layernorm.weight conversion: 66.7┬╡s
[PROFILE] Tensor model.layers.24.self_attn.v_proj.weight conversion: 37.4696ms
[PROFILE] Tensor model.layers.25.mlp.up_proj.weight conversion: 406.7547ms
[PROFILE] Tensor model.layers.10.input_layernorm.weight conversion: 95┬╡s
[PROFILE] Tensor model.layers.6.self_attn.o_proj.weight conversion: 150.8824ms
[PROFILE] Tensor model.layers.3.self_attn.v_proj.weight conversion: 38.1699ms
[PROFILE] Tensor model.layers.6.post_attention_layernorm.weight conversion: 90.2┬╡s
[PROFILE] Tensor model.layers.11.self_attn.o_proj.weight conversion: 151.9509ms
[PROFILE] Tensor model.layers.15.self_attn.k_proj.weight conversion: 38.4349ms
[PROFILE] Tensor model.layers.28.input_layernorm.weight conversion: 83.7┬╡s
[PROFILE] Tensor model.layers.12.self_attn.v_proj.weight conversion: 38.2608ms
[PROFILE] Tensor model.layers.9.mlp.gate_proj.weight conversion: 409.4297ms
[PROFILE] Tensor model.norm.weight conversion: 84.1┬╡s
[PROFILE] Tensor model.layers.1.self_attn.o_proj.weight conversion: 149.2945ms
[PROFILE] Tensor model.layers.15.mlp.up_proj.weight conversion: 409.1763ms
[PROFILE] Tensor model.layers.24.mlp.down_proj.weight conversion: 412.7251ms
[PROFILE] Tensor model.layers.10.mlp.down_proj.weight conversion: 405.2258ms
[PROFILE] Tensor model.layers.28.mlp.ffn_sub_norm.weight conversion: 191.4┬╡s
[PROFILE] Tensor model.layers.13.self_attn.k_proj.weight conversion: 37.5157ms
[PROFILE] Tensor model.layers.27.self_attn.attn_sub_norm.weight conversion: 81.5┬╡s
[PROFILE] Tensor model.layers.18.self_attn.o_proj.weight conversion: 149.4603ms
[PROFILE] Tensor model.layers.20.self_attn.v_proj.weight conversion: 37.3882ms
[PROFILE] Tensor model.layers.20.mlp.down_proj.weight conversion: 404.0493ms
[PROFILE] Tensor model.layers.24.self_attn.o_proj.weight conversion: 149.464ms
[PROFILE] Tensor model.layers.14.mlp.gate_proj.weight conversion: 403.4766ms
[PROFILE] Tensor model.layers.17.self_attn.o_proj.weight conversion: 150.4359ms
[PROFILE] Tensor model.layers.24.mlp.up_proj.weight conversion: 402.3684ms
[PROFILE] Tensor model.layers.11.mlp.gate_proj.weight conversion: 400.5015ms
[PROFILE] Tensor model.layers.22.post_attention_layernorm.weight conversion: 80.3┬╡s
